Statement for BigCoII
 Henry V: $1,940.00 (53 seats)
 As You Like It: $0.00 (55 seats)
Amount owed is $1,940.00
You earned 48 credits
